grpc.health.v1.Health
grpc.reflection.v1alpha.ServerReflection
helloworld.Greeter
hotel.Hotel
