message Result {
  repeated .profile.Hotel hotels = 1[json_name = "hotels"];
}
