status: SERVING
status: NOT_SERVING
status: SERVING
