  rpc Rates(hotel.Request) returns (hotel.Response) {}
